<TABLE BORDER=1><TR><TD>REQUEST_METHOD</TD><TD>GET</TD></TR><TR><TD>SERVER_NAME</TD><TD>TOMCAT</TD></TR><TR><TD>SERVER_PORT</TD><TD>8008</TD></TR></TABLE>